
> backend@1.0.0 test
> cross-env NODE_ENV=test jest --detectOpenHandles --forceExit tests/auth.test.js tests/services.test.js tests/bookings.test.js tests/payment.test.js

node.exe : FAIL 
tests/payment.test.js
At C:\Program Files\n
odejs\npm.ps1:29 
char:3
+   & $NODE_EXE 
$NPM_CLI_JS $args
+   ~~~~~~~~~~~~~~~~~
~~~~~~~~~~~~
    + CategoryInfo   
           : NotSpe  
  cified: (FAIL te   
 sts/payment.test    
.js:String) [],     
RemoteException
    + FullyQualified 
   ErrorId : Native  
  CommandError
 
  ΓùÅ Console

    console.log
      
[dotenv@17.2.3] 
injecting env (11) 
from .env -- tip: 
≡ƒôí add 
observability to 
secrets: https://dote
nvx.com/ops

      at _log (node_m
odules/dotenv/lib/mai
n.js:142:11)

    console.log
      
[dotenv@17.2.3] 
injecting env (0) 
from .env -- tip: 
ΓÜÖ∩╕Å  enable debug 
logging with { 
debug: true }

      at _log (node_m
odules/dotenv/lib/mai
n.js:142:11)

    console.log
      Connected to 
the PostgreSQL 
database

      at 
BoundPool.log (src/co
nfig/db.js:13:11)

  ΓùÅ Payment 
Endpoints ΓÇ║ should 
initiate a payment 
for a booking

    expect(received).
toEqual(expected) // 
deep equality

    Expected: 200
    Received: 403

    [0m [90m 29 
|[39m       
[33m.[39msend({ 
bookingId[33m:[39m 
[35m1[39m 
})[33m;[39m
     [90m 30 |[39m 
    
    [31m[1m>[22m[
39m[90m 31 |[39m   
  expect(res[33m.[3
9mstatusCode)[33m.[
39mtoEqual([35m200[
39m)[33m;[39m
     [90m    |[39m 
                     
      
[31m[1m^[22m[39m
     [90m 32 |[39m 
    expect(res[33m.
[39mbody)[33m.[39mt
oHaveProperty([32m'p
idx'[39m)[33m;[39m
     [90m 33 |[39m 
  })[33m;[39m
     [90m 34 
|[39m[0m

      at 
Object.toEqual (tests
/payment.test.js:31:2
8)

  ΓùÅ Payment 
Endpoints ΓÇ║ should 
verify a payment

    expect(received).
toEqual(expected) // 
deep equality

    Expected: 200
    Received: 404

    [0m [90m 39 
|[39m       
[33m.[39msend({ 
pidx[33m:[39m [32m
'test_pidx_123'[39m 
})[33m;[39m
     [90m 40 |[39m 
    
    [31m[1m>[22m[
39m[90m 41 |[39m   
  expect(res[33m.[3
9mstatusCode)[33m.[
39mtoEqual([35m200[
39m)[33m;[39m
     [90m    |[39m 
                     
      
[31m[1m^[22m[39m
     [90m 42 |[39m 
    expect(res[33m.
[39mbody[33m.[39mme
ssage)[33m.[39mtoCo
ntain([32m'successfu
lly'[39m)[33m;[39m
     [90m 43 |[39m 
  })[33m;[39m
     [90m 44 |[39m 
})[33m;[39m[0m

      at 
Object.toEqual (tests
/payment.test.js:41:2
8)

[0mPOST /api/payments/initiate [33m403[0m 109.390 ms - 48[0m
[0mPOST /api/payments/verify [33m404[0m 7.188 ms - 36[0m
PASS tests/bookings.t
est.js
  ΓùÅ Console

    console.log
      
[dotenv@17.2.3] 
injecting env (11) 
from .env -- tip: 
ΓÜÖ∩╕Å  override 
existing env vars 
with { override: 
true }

      at _log (node_m
odules/dotenv/lib/mai
n.js:142:11)

    console.log
      
[dotenv@17.2.3] 
injecting env (0) 
from .env -- tip: 
≡ƒöä add secrets 
lifecycle 
management: https://d
otenvx.com/ops

      at _log (node_m
odules/dotenv/lib/mai
n.js:142:11)

    console.log
      Connected to 
the PostgreSQL 
database

      at 
BoundPool.log (src/co
nfig/db.js:13:11)

[0mPOST /api/bookings [32m201[0m 173.986 ms - 253[0m
[0mGET /api/bookings/my [32m200[0m 11.717 ms - 573[0m
[0mGET /api/bookings [32m200[0m 8.659 ms - 1461[0m
[0mPOST /api/auth/register [32m201[0m 162.472 ms - 348[0m
[0mPOST /api/auth/login [32m200[0m 71.842 ms - 296[0m
PASS 
tests/auth.test.js
  ΓùÅ Console

    console.log
      
[dotenv@17.2.3] 
injecting env (11) 
from .env -- tip: 
ΓÜÖ∩╕Å  enable debug 
logging with { 
debug: true }

      at _log (node_m
odules/dotenv/lib/mai
n.js:142:11)

    console.log
      
[dotenv@17.2.3] 
injecting env (0) 
from .env -- tip: 
Γ£à audit secrets 
and track 
compliance: https://d
otenvx.com/ops

      at _log (node_m
odules/dotenv/lib/mai
n.js:142:11)

    console.log
      Connected to 
the PostgreSQL 
database

      at 
BoundPool.log (src/co
nfig/db.js:13:11)

[0mPOST /api/auth/login [33m401[0m 65.513 ms - 31[0m
PASS tests/services.t
est.js
  ΓùÅ Console

    console.log
      
[dotenv@17.2.3] 
injecting env (11) 
from .env -- tip: 
≡ƒæÑ sync secrets 
across teammates & 
machines: https://dot
envx.com/ops

      at _log (node_m
odules/dotenv/lib/mai
n.js:142:11)

    console.log
      
[dotenv@17.2.3] 
injecting env (0) 
from .env -- tip: 
ΓÜÖ∩╕Å  enable debug 
logging with { 
debug: true }

      at _log (node_m
odules/dotenv/lib/mai
n.js:142:11)

    console.log
      Connected to 
the PostgreSQL 
database

      at 
BoundPool.log (src/co
nfig/db.js:13:11)


Test Suites: 1 
failed, 3 passed, 4 
total
Tests:       2 
failed, 9 passed, 11 
total
Snapshots:   0 total
Time:        2.514 s
Ran all test suites 
matching tests/auth.t
est.js|tests/services
.test.js|tests/bookin
gs.test.js|tests/paym
ent.test.js.
